[2026-08-21 00:43:34] post-prune entry
[2026-08-21 00:43:36] mailjet: queued for mailer
[2026-08-21 00:43:36] mailjet: request url=https://api.mailjet.com/v3.1/send method=POST headers={'Content-Type': 'application/json'} payload={"Messages": [{"From": {"Email": "sender@example.com", "Name": "Group Test Tracker"}, "To": [{"Email": "mailer@example.com", "Name": "mailer"}], "Subject": "Hello", "TextPart": "Body", "HTMLPart": "Body"}]}
[2026-08-21 00:43:36] mailjet: response for mailer@example.com: {"Messages": [{"Status": "error", "Errors": [{"ErrorMessage": "invalid address"}]}]}
[2026-08-21 00:43:36] mailjet: failed for mailer@example.com: invalid address
[2026-08-21 00:43:36] mailjet: queued for mailer
[2026-08-21 00:43:36] mailjet: sent to mailer@example.com
[2026-08-21 00:43:36] mailjet: queued for mailer
[2026-08-21 00:43:36] mailjet: failed for mailer@example.com: invalid address
[2026-08-21 00:43:36] telegram: falling back to email for fallbacker
[2026-08-21 00:43:37] telegram: queued for telegramer
[2026-08-21 00:43:37] telegram: request url=https://api.telegram.org/bot<redacted>/sendMessage method=POST headers={'Content-Type': 'application/json'} payload={"chat_id": "@demo", "text": "Body"}
[2026-08-21 00:43:37] telegram: response for @demo: {"ok": true, "result": {"message_id": 1}}
[2026-08-21 00:43:37] telegram: sent to @demo
[2026-08-21 00:43:37] telegram: queued for telegramer
[2026-08-21 00:43:37] telegram: sent to @demo
[2026-08-21 00:43:37] telegram: queued for telegramer
[2026-08-21 00:43:37] telegram: failed for @demo: Bad Request: chat not found
[2026-08-21 01:04:35] mailjet: queued for admin
[2026-08-21 01:18:30] mailjet: queued for admin
[2026-08-21 01:18:56] mailjet: queued for admin
[2026-08-21 01:21:05] mailjet: queued for admin
[2026-08-21 01:21:05] mailjet: queued for admin
[2026-08-21 01:28:38] mailjet: queued for admin
[2026-08-21 01:28:39] mailjet: queued for admin
[2026-08-21 01:32:15] mailjet: queued for admin
[2026-08-21 01:32:16] mailjet: queued for admin
[2026-08-21 01:35:42] mailjet: queued for admin
[2026-08-21 01:35:43] mailjet: queued for admin
[2026-08-21 01:36:12] mailjet: queued for admin
[2026-08-21 01:36:13] mailjet: queued for admin
[2026-08-25 18:28:01] mailjet: queued for admin
[2026-08-25 18:28:02] mailjet: queued for admin
[2026-08-25 18:28:59] mailjet: queued for admin
[2026-08-25 18:28:59] mailjet: queued for admin
[2026-08-25 18:33:58] mailjet: queued for admin
[2026-08-25 18:33:58] mailjet: queued for admin
[2026-08-25 18:44:45] mailjet: queued for admin
[2026-08-25 18:44:45] mailjet: queued for admin
[2026-08-25 18:49:41] mailjet: queued for admin
[2026-08-25 18:49:42] mailjet: queued for admin
[2026-08-31 18:43:07] telegram: webhook registered url=https://group-tests.example/telegram/webhook
[2026-08-31 18:43:08] telegram: webhook unregistered
[2026-08-31 18:43:51] telegram: webhook registered url=https://group-tests.example/telegram/webhook
[2026-08-31 18:43:52] telegram: webhook unregistered
[2026-08-31 18:44:56] telegram: webhook registered url=https://group-tests.example/telegram/webhook
[2026-08-31 18:44:56] telegram: webhook unregistered
[2026-08-31 18:55:18] telegram: webhook registered url=https://group-tests.example/telegram/webhook
[2026-08-31 18:55:19] configuration: credentials updated
[2026-08-31 19:06:43] telegram: webhook registered url=https://group-tests.example/telegram/webhook
[2026-08-31 19:06:44] telegram: webhook unregistered
[2026-08-31 19:06:49] configuration: credentials updated
[2026-08-31 19:23:38] telegram: webhook registered url=https://group-tests.example/telegram/webhook
[2026-08-31 19:23:38] telegram: webhook unregistered
[2026-08-31 19:23:44] configuration: credentials updated
[2026-08-31 19:25:32] telegram: webhook registered url=https://group-tests.example/telegram/webhook
[2026-08-31 19:25:32] telegram: webhook unregistered
[2026-08-31 19:25:38] configuration: credentials updated
[2026-08-31 19:28:19] telegram: webhook registered url=https://group-tests.example/telegram/webhook
[2026-08-31 19:28:20] telegram: webhook unregistered
[2026-08-31 19:28:27] configuration: credentials updated
[2026-08-31 19:29:00] mailjet: queued for admin
[2026-08-31 19:29:01] mailjet: queued for admin
[2026-08-31 19:49:18] telegram: webhook registered url=https://group-tests.example/telegram/webhook
[2026-08-31 19:49:19] telegram: webhook unregistered
[2026-08-31 19:49:24] configuration: credentials updated
[2026-08-31 20:05:22] telegram: webhook registered url=https://group-tests.example/telegram/webhook
[2026-08-31 20:05:22] telegram: webhook unregistered
[2026-08-31 20:05:28] configuration: credentials updated
[2026-08-31 20:06:28] mailjet: queued for admin
[2026-08-31 20:06:30] mailjet: queued for admin
[2026-08-31 20:06:46] telegram: webhook registered url=https://group-tests.example/telegram/webhook
[2026-08-31 20:06:46] telegram: webhook unregistered
[2026-08-31 20:06:52] configuration: credentials updated
[2026-08-31 20:28:22] telegram: webhook registered url=https://group-tests.example/telegram/webhook
[2026-08-31 20:28:23] telegram: webhook unregistered
[2026-08-31 20:28:31] configuration: credentials updated
[2026-08-31 20:44:05] telegram: webhook registered url=https://group-tests.example/telegram/webhook
[2026-08-31 20:44:05] telegram: webhook unregistered
[2026-08-31 20:44:11] configuration: credentials updated
[2026-08-31 20:47:27] telegram: webhook registered url=https://group-tests.example/telegram/webhook
[2026-08-31 20:47:28] telegram: webhook unregistered
[2026-08-31 20:47:34] configuration: credentials updated
[2026-08-31 20:50:34] telegram: webhook registered url=https://group-tests.example/telegram/webhook
[2026-08-31 20:50:35] telegram: webhook unregistered
[2026-08-31 20:50:41] configuration: credentials updated
[2026-08-31 20:50:42] configuration: credentials updated
[2026-08-31 20:51:28] telegram: webhook registered url=https://group-tests.example/telegram/webhook
[2026-08-31 20:51:28] telegram: webhook unregistered
[2026-08-31 20:51:34] configuration: credentials updated
[2026-08-31 20:51:34] configuration: credentials updated
[2026-08-31 20:52:06] telegram: webhook registered url=https://group-tests.example/telegram/webhook
[2026-08-31 20:52:06] telegram: webhook unregistered
[2026-08-31 20:52:12] configuration: credentials updated
[2026-08-31 20:52:12] configuration: credentials updated
[2026-08-31 20:53:45] configuration: credentials updated
[2026-08-31 21:18:14] telegram: webhook registered url=https://group-tests.example/telegram/webhook
[2026-08-31 21:18:15] telegram: webhook unregistered
[2026-08-31 21:18:21] configuration: credentials updated
[2026-08-31 21:18:22] configuration: credentials updated
[2026-08-31 21:33:54] telegram: webhook registered url=https://group-tests.example/telegram/webhook
[2026-08-31 21:33:55] telegram: webhook unregistered
[2026-08-31 21:34:00] configuration: credentials updated
[2026-08-31 21:34:01] configuration: credentials updated
[2026-08-31 21:35:31] configuration: credentials updated
[2026-08-31 21:36:04] telegram: webhook registered url=https://group-tests.example/telegram/webhook
[2026-08-31 21:36:04] telegram: webhook unregistered
[2026-08-31 21:36:10] configuration: credentials updated
[2026-08-31 21:36:11] configuration: credentials updated
[2026-08-31 21:44:50] telegram: webhook registered url=https://group-tests.example/telegram/webhook
[2026-08-31 21:44:51] telegram: webhook unregistered
[2026-08-31 21:44:58] configuration: credentials updated
[2026-08-31 21:44:59] configuration: credentials updated
[2026-08-31 21:48:25] telegram: webhook registered url=https://group-tests.example/telegram/webhook
[2026-08-31 21:48:25] telegram: webhook unregistered
[2026-08-31 21:48:31] configuration: credentials updated
[2026-08-31 21:48:32] configuration: credentials updated
[2026-08-31 21:55:52] telegram: webhook registered url=https://group-tests.example/telegram/webhook
[2026-08-31 21:55:52] telegram: webhook unregistered
[2026-08-31 21:55:58] configuration: credentials updated
[2026-08-31 21:55:59] configuration: credentials updated
[2026-08-31 22:00:11] telegram: webhook registered url=https://group-tests.example/telegram/webhook
[2026-08-31 22:00:11] telegram: webhook unregistered
[2026-08-31 22:00:17] configuration: credentials updated
[2026-08-31 22:00:17] configuration: credentials updated
